// Jest Snapshot v1, https://goo.gl/fbAQLP

exports[`EngSpecialOffers renders correctly 1`] = `undefined`;
